[baseline] 1200 runs to do (0 already in runs/baseline.jsonl)
  50/1200      39s elapsed  ~   899s left
  100/1200      80s elapsed  ~   877s left
  150/1200     120s elapsed  ~   840s left
  200/1200     159s elapsed  ~   797s left
  250/1200     197s elapsed  ~   749s left
  300/1200     230s elapsed  ~   691s left
  350/1200     261s elapsed  ~   633s left
  400/1200     291s elapsed  ~   582s left
  450/1200     321s elapsed  ~   534s left
  500/1200     350s elapsed  ~   490s left
  550/1200     381s elapsed  ~   450s left
  600/1200     413s elapsed  ~   413s left
  650/1200     446s elapsed  ~   377s left
  700/1200     479s elapsed  ~   342s left
  750/1200     504s elapsed  ~   303s left
  800/1200     531s elapsed  ~   265s left
  850/1200     555s elapsed  ~   228s left
  900/1200     580s elapsed  ~   193s left
  950/1200     606s elapsed  ~   159s left
  1000/1200     628s elapsed  ~   126s left
  1050/1200     650s elapsed  ~    93s left
  1100/1200     674s elapsed  ~    61s left
  1150/1200     696s elapsed  ~    30s left
  1200/1200     720s elapsed  ~     0s left
[loss] 1200 runs to do (0 already in runs/loss.jsonl)
  50/1200      46s elapsed  ~  1065s left
  100/1200      91s elapsed  ~   996s left
  150/1200     132s elapsed  ~   925s left
  200/1200     173s elapsed  ~   863s left
  250/1200     213s elapsed  ~   811s left
  300/1200     250s elapsed  ~   751s left
  350/1200     286s elapsed  ~   696s left
  400/1200     322s elapsed  ~   645s left
  450/1200     358s elapsed  ~   597s left
  500/1200     392s elapsed  ~   549s left
  550/1200     425s elapsed  ~   502s left
  600/1200     459s elapsed  ~   459s left
  650/1200     487s elapsed  ~   412s left
  700/1200     518s elapsed  ~   370s left
  750/1200     546s elapsed  ~   328s left
  800/1200     572s elapsed  ~   286s left
  850/1200     597s elapsed  ~   246s left
  900/1200     620s elapsed  ~   207s left
  950/1200     642s elapsed  ~   169s left
  1000/1200     661s elapsed  ~   132s left
  1050/1200     680s elapsed  ~    97s left
  1100/1200     697s elapsed  ~    63s left
  1150/1200     711s elapsed  ~    31s left
  1200/1200     724s elapsed  ~     0s left
[ablation] 990 runs to do (0 already in runs/ablation.jsonl)
  50/990      57s elapsed  ~  1079s left
  100/990     123s elapsed  ~  1093s left
  150/990     231s elapsed  ~  1293s left
  200/990     309s elapsed  ~  1221s left
  250/990     387s elapsed  ~  1144s left
  300/990     454s elapsed  ~  1044s left
  350/990     515s elapsed  ~   942s left
  400/990     567s elapsed  ~   837s left
  450/990     608s elapsed  ~   730s left
  500/990     647s elapsed  ~   634s left
  550/990     685s elapsed  ~   548s left
  600/990     724s elapsed  ~   471s left
concurrent.futures.process._RemoteTraceback: 
"""
Traceback (most recent call last):
  File "/usr/lib/python3.11/concurrent/futures/process.py", line 261, in _process_worker
    r = call_item.fn(*call_item.args, **call_item.kwargs)
        ^^^^^^^^^^^^^^^^^^^^^^^^^^^^^^^^^^^^^^^^^^^^^^^^^
  File "/home/user/hesk/src/hesk_sim/cli.py", line 37, in _work
    m = run_one(scen, algo, seed, agent)
        ^^^^^^^^^^^^^^^^^^^^^^^^^^^^^^^^
  File "/home/user/hesk/src/hesk_sim/runner.py", line 72, in run_one
    if brain is not None:
      ^^^^^^^^^^^
  File "/home/user/hesk/src/hesk_sim/world.py", line 269, in run
    self.loop.run_until(self.cfg.duration)
  File "/home/user/hesk/src/hesk_sim/engine.py", line 54, in run_until
    fn()
  File "/home/user/hesk/src/hesk_sim/agents/base.py", line 79, in _tick
    self.send_heartbeat()
    ^^^^^^^^^^^^^^^^^
  File "/home/user/hesk/src/hesk_sim/agents/hesk_agent.py", line 332, in on_tick
    out.append(tid)
  File "/home/user/hesk/src/hesk_sim/agents/hesk_agent.py", line 373, in _self_check
    def _award(self, members: tuple, tier: int, mq: float, now: float) -> None:
                   ^^^^^^^^^^^^^^^^^^^^^^^^^^^^^^^^^^^^^^^^^^^^^^^^^^^^^^^^^^
  File "/home/user/hesk/src/hesk_sim/agents/hesk_agent.py", line 373, in <genexpr>
    def _award(self, members: tuple, tier: int, mq: float, now: float) -> None:
                       ^^^^^^^^^^^^^^^^^^^^^^^^^^^^
  File "/home/user/hesk/src/hesk_sim/agents/hesk_agent.py", line 137, in _member_live
    self.set_own(tid, remote)
                              
KeyError: 'n02'
"""

The above exception was the direct cause of the following exception:

Traceback (most recent call last):
  File "<frozen runpy>", line 198, in _run_module_as_main
  File "<frozen runpy>", line 88, in _run_code
  File "/home/user/hesk/src/hesk_sim/cli.py", line 113, in <module>
    main(sys.argv[1:])
  File "/home/user/hesk/src/hesk_sim/cli.py", line 109, in main
    args.fn(args)
  File "/home/user/hesk/src/hesk_sim/cli.py", line 60, in cmd_run
    rec = f.result()
          ^^^^^^^^^^
  File "/usr/lib/python3.11/concurrent/futures/_base.py", line 449, in result
    return self.__get_result()
           ^^^^^^^^^^^^^^^^^^^
  File "/usr/lib/python3.11/concurrent/futures/_base.py", line 401, in __get_result
    raise self._exception
KeyError: 'n02'
